<html>
<body>
<pre>
<h1>µVision Build Log</h1>
<h2>Tool Versions:</h2>
IDE-Version: ¦ÌVision V5.36.0.0
Copyright (C) 2021 ARM Ltd and ARM Germany GmbH. All rights reserved.
License Information: chou dayechou, chou, LIC=IK1BF-6X8PJ-NN2AF-6Q5EM-NU0XX-DZ4UU
 
Tool Versions:
Toolchain:       MDK-ARM Plus  Version: 5.36.0.0
Toolchain Path:  D:\MDK5.36\ARM\ARMCC\Bin
C Compiler:      Armcc.exe V5.06 update 7 (build 960)
Assembler:       Armasm.exe V5.06 update 7 (build 960)
Linker/Locator:  ArmLink.exe V5.06 update 7 (build 960)
Library Manager: ArmAr.exe V5.06 update 7 (build 960)
Hex Converter:   FromElf.exe V5.06 update 7 (build 960)
CPU DLL:         SARMCM3.DLL V5.36.0.0
Dialog DLL:      DCM.DLL V1.17.3.0
Target DLL:      CMSIS_AGDI.dll V1.33.0.0
Dialog DLL:      TCM.DLL V1.53.0.0
 
<h2>Project:</h2>
D:\µçÈü¹þ¹þ\diansailower\flydiansai 8.2\MDK-ARM\flydiansai.uvprojx
Project File Date:  07/30/2025

<h2>Output:</h2>
*** Using Compiler 'V5.06 update 7 (build 960)', folder: 'D:\MDK5.36\ARM\ARMCC\Bin'
Rebuild target 'flydiansai'
assembling startup_stm32f103xe.s...
compiling usart.c...
compiling stm32f1xx_hal.c...
compiling stm32f1xx_hal_msp.c...
compiling dma.c...
compiling stm32f1xx_hal_timebase_tim.c...
compiling stm32f1xx_hal_rcc_ex.c...
compiling stm32f1xx_hal_gpio.c...
compiling stm32f1xx_it.c...
compiling stm32f1xx_hal_gpio_ex.c...
compiling gpio.c...
compiling freertos.c...
compiling main.c...
compiling croutine.c...
compiling event_groups.c...
compiling stm32f1xx_hal_rcc.c...
compiling list.c...
compiling stm32f1xx_hal_dma.c...
compiling queue.c...
compiling stream_buffer.c...
compiling stm32f1xx_hal_tim_ex.c...
compiling timers.c...
compiling heap_4.c...
compiling lcd.c...
compiling tasks.c...
compiling port.c...
compiling cmsis_os.c...
compiling stm32f1xx_hal_tim.c...
compiling stm32f1xx_hal_cortex.c...
compiling stm32f1xx_hal_pwr.c...
compiling system_stm32f1xx.c...
compiling stm32f1xx_hal_flash_ex.c...
compiling stm32f1xx_hal_exti.c...
compiling stm32f1xx_hal_flash.c...
compiling stm32f1xx_hal_uart.c...
compiling myusart.c...
compiling anjian.c...
compiling lcd_task.c...
compiling send_task.c...
linking...
Program Size: Code=17332 RO-data=768 RW-data=196 ZI-data=23732  
FromELF: creating hex file...
"flydiansai\flydiansai.axf" - 0 Error(s), 0 Warning(s).

<h2>Software Packages used:</h2>

Package Vendor: ARM
                https://www.keil.com/pack/ARM.CMSIS.6.1.0.pack
                ARM.CMSIS.6.1.0
                CMSIS (Common Microcontroller Software Interface Standard)
   * Component: CORE Version: 6.1.0

Package Vendor: Keil
                http://www.keil.com/pack/Keil.STM32F1xx_DFP.1.0.5.pack
                Keil.STM32F1xx_DFP.1.0.5
                STMicroelectronics STM32F1 Series Device Support, Drivers and Examples

<h2>Collection of Component include folders:</h2>
  .\RTE\_flydiansai
  D:\MDK5.36\Packs\ARM\CMSIS\6.1.0\CMSIS\Core\Include
  D:\MDK5.36\Packs\Keil\STM32F1xx_DFP\1.0.5\Device\Include

<h2>Collection of Component Files used:</h2>

   * Component: ARM::CMSIS:CORE:6.1.0
      Include file:  CMSIS\Core\Include\tz_context.h
Build Time Elapsed:  00:00:04
</pre>
</body>
</html>
